// Jest Snapshot v1, https://goo.gl/fbAQLP

exports[`AMP client hydration tests The \`App\` uses the CacheProvider 1`] = `
<Context.Provider
  value={
    Object {
      "insert": [Function],
      "inserted": Object {},
      "key": "css-amp",
      "nonce": undefined,
      "registered": Object {},
      "sheet": StyleSheet {
        "_insertTag": [Function],
        "before": null,
        "container": <head />,
        "ctr": 0,
        "isSpeedy": false,
        "key": "css-amp",
        "nonce": undefined,
        "prepend": undefined,
        "tags": Array [],
      },
    }
  }
>
  <mockConstructor />
</Context.Provider>
`;
