// Jest Snapshot v1, https://goo.gl/fbAQLP

exports[`settingsAndStore should define settins and store 1`] = `
Object {
  "actions": Array [],
  "libraries": Object {
    "frontity": Object {
      "App": [Function],
      "render": [Function],
      "template": [Function],
    },
  },
}
`;

exports[`settingsAndStore should define settins and store 2`] = `[Function]`;
