// Jest Snapshot v1, https://goo.gl/fbAQLP

exports[` 3`] = `
"test-frontity-app/packages/
└── mars-theme
    ├── CHANGELOG.md
    ├── README.md
    ├── package.json
    ├── src
    │   ├── components
    │   │   ├── featured-media.js
    │   │   ├── header.js
    │   │   ├── index.js
    │   │   ├── link.js
    │   │   ├── list
    │   │   │   ├── index.js
    │   │   │   ├── list-item.js
    │   │   │   ├── list.js
    │   │   │   └── pagination.js
    │   │   ├── loading.js
    │   │   ├── menu-icon.js
    │   │   ├── menu-modal.js
    │   │   ├── menu.js
    │   │   ├── nav.js
    │   │   ├── page-error.js
    │   │   ├── post.js
    │   │   └── title.js
    │   └── index.js
    └── types.ts

4 directories, 21 files"
`;

exports[` 5`] = `
"test-frontity-app/packages/
└── mars-theme
    ├── CHANGELOG.md
    ├── README.md
    ├── package.json
    ├── src
    │   ├── components
    │   │   ├── featured-media.js
    │   │   ├── header.js
    │   │   ├── index.js
    │   │   ├── link.js
    │   │   ├── list
    │   │   │   ├── index.js
    │   │   │   ├── list-item.js
    │   │   │   ├── list.js
    │   │   │   └── pagination.js
    │   │   ├── loading.js
    │   │   ├── menu-icon.js
    │   │   ├── menu-modal.js
    │   │   ├── menu.js
    │   │   ├── nav.js
    │   │   ├── page-error.js
    │   │   ├── post.js
    │   │   └── title.js
    │   └── index.js
    └── types.ts

4 directories, 21 files"
`;

exports[` 7`] = `
"test-frontity-app/packages/
└── mars-theme
    ├── CHANGELOG.md
    ├── README.md
    ├── package.json
    ├── src
    │   ├── components
    │   │   ├── featured-media.js
    │   │   ├── header.js
    │   │   ├── index.js
    │   │   ├── link.js
    │   │   ├── list
    │   │   │   ├── index.js
    │   │   │   ├── list-item.js
    │   │   │   ├── list.js
    │   │   │   └── pagination.js
    │   │   ├── loading.js
    │   │   ├── menu-icon.js
    │   │   ├── menu-modal.js
    │   │   ├── menu.js
    │   │   ├── nav.js
    │   │   ├── page-error.js
    │   │   ├── post.js
    │   │   └── title.js
    │   └── index.js
    └── types.ts

4 directories, 21 files"
`;

exports[` 9`] = `
"test-frontity-app/packages/
└── mars-theme
    ├── CHANGELOG.md
    ├── README.md
    ├── package.json
    ├── src
    │   ├── components
    │   │   ├── featured-media.js
    │   │   ├── header.js
    │   │   ├── index.js
    │   │   ├── link.js
    │   │   ├── list
    │   │   │   ├── index.js
    │   │   │   ├── list-item.js
    │   │   │   ├── list.js
    │   │   │   └── pagination.js
    │   │   ├── loading.js
    │   │   ├── menu-icon.js
    │   │   ├── menu-modal.js
    │   │   ├── menu.js
    │   │   ├── nav.js
    │   │   ├── page-error.js
    │   │   ├── post.js
    │   │   └── title.js
    │   └── index.js
    └── types.ts

4 directories, 21 files"
`;

exports[` 11`] = `
"test-frontity-app/packages/
└── mars-theme
    ├── CHANGELOG.md
    ├── README.md
    ├── package.json
    ├── src
    │   ├── components
    │   │   ├── featured-media.js
    │   │   ├── header.js
    │   │   ├── index.js
    │   │   ├── link.js
    │   │   ├── list
    │   │   │   ├── index.js
    │   │   │   ├── list-item.js
    │   │   │   ├── list.js
    │   │   │   └── pagination.js
    │   │   ├── loading.js
    │   │   ├── menu-icon.js
    │   │   ├── menu-modal.js
    │   │   ├── menu.js
    │   │   ├── nav.js
    │   │   ├── page-error.js
    │   │   ├── post.js
    │   │   └── title.js
    │   └── index.js
    └── types.ts

4 directories, 21 files"
`;
